Determining if the pthread_create exist failed with the following output:
Change Dir: /home/can/catkin_ws/build/CMakeFiles/CMakeTmp

Run Build Command:"/usr/bin/make" "cmTC_780fd/fast"
/usr/bin/make -f CMakeFiles/cmTC_780fd.dir/build.make CMakeFiles/cmTC_780fd.dir/build
make[1]: Entering directory '/home/can/catkin_ws/build/CMakeFiles/CMakeTmp'
Building C object CMakeFiles/cmTC_780fd.dir/CheckSymbolExists.c.o
/usr/bin/cc    -o CMakeFiles/cmTC_780fd.dir/CheckSymbolExists.c.o   -c /home/can/catkin_ws/build/CMakeFiles/CMakeTmp/CheckSymbolExists.c
Linking C executable cmTC_780fd
/usr/bin/cmake -E cmake_link_script CMakeFiles/cmTC_780fd.dir/link.txt --verbose=1
/usr/bin/cc      -rdynamic CMakeFiles/cmTC_780fd.dir/CheckSymbolExists.c.o  -o cmTC_780fd 
CMakeFiles/cmTC_780fd.dir/CheckSymbolExists.c.o: In function `main':
CheckSymbolExists.c:(.text+0x1b): undefined reference to `pthread_create'
collect2: error: ld returned 1 exit status
CMakeFiles/cmTC_780fd.dir/build.make:97: recipe for target 'cmTC_780fd' failed
make[1]: *** [cmTC_780fd] Error 1
make[1]: Leaving directory '/home/can/catkin_ws/build/CMakeFiles/CMakeTmp'
Makefile:126: recipe for target 'cmTC_780fd/fast' failed
make: *** [cmTC_780fd/fast] Error 2

File /home/can/catkin_ws/build/CMakeFiles/CMakeTmp/CheckSymbolExists.c:
/* */
#include <pthread.h>

int main(int argc, char** argv)
{
  (void)argv;
#ifndef pthread_create
  return ((int*)(&pthread_create))[argc];
#else
  (void)argc;
  return 0;
#endif
}

Determining if the function pthread_create exists in the pthreads failed with the following output:
Change Dir: /home/can/catkin_ws/build/CMakeFiles/CMakeTmp

Run Build Command:"/usr/bin/make" "cmTC_104bf/fast"
/usr/bin/make -f CMakeFiles/cmTC_104bf.dir/build.make CMakeFiles/cmTC_104bf.dir/build
make[1]: Entering directory '/home/can/catkin_ws/build/CMakeFiles/CMakeTmp'
Building C object CMakeFiles/cmTC_104bf.dir/CheckFunctionExists.c.o
/usr/bin/cc   -DCHECK_FUNCTION_EXISTS=pthread_create   -o CMakeFiles/cmTC_104bf.dir/CheckFunctionExists.c.o   -c /usr/share/cmake-3.10/Modules/CheckFunctionExists.c
Linking C executable cmTC_104bf
/usr/bin/cmake -E cmake_link_script CMakeFiles/cmTC_104bf.dir/link.txt --verbose=1
/usr/bin/cc  -DCHECK_FUNCTION_EXISTS=pthread_create    -rdynamic CMakeFiles/cmTC_104bf.dir/CheckFunctionExists.c.o  -o cmTC_104bf -lpthreads 
/usr/bin/ld: cannot find -lpthreads
collect2: error: ld returned 1 exit status
CMakeFiles/cmTC_104bf.dir/build.make:97: recipe for target 'cmTC_104bf' failed
make[1]: *** [cmTC_104bf] Error 1
make[1]: Leaving directory '/home/can/catkin_ws/build/CMakeFiles/CMakeTmp'
Makefile:126: recipe for target 'cmTC_104bf/fast' failed
make: *** [cmTC_104bf/fast] Error 2


